<html>
<body>
<pre>
<h1>礦ision Build Log</h1>
<h2>Project:</h2>
E:\01-深圳市靠岸科技有限公司-研发\02-RoboModule-伺服电机驱动器项目-RMDS\14-演示程序发布\5-STM32F405RGT6 CAN总线演示程序(8MHz晶振)\Project\STM32F4.uvproj
Project File Date:  04/03/2015

<h2>Output:</h2>
Build target 'STM32F4'
compiling main.c...
compiling stm32f4xx_it.c...
compiling delay.c...
compiling can1.c...
assembling startup_stm32f4xx.s...
compiling misc.c...
compiling stm32f4xx_can.c...
compiling stm32f4xx_gpio.c...
compiling system_stm32f4xx.c...
compiling stm32f4xx_rcc.c...
linking...
Program Size: Code=8300 RO-data=424 RW-data=68 ZI-data=1044  
FromELF: creating hex file...
".\Objects\STM32F4.axf" - 0 Error(s), 0 Warning(s).
</pre>
</body>
</html>
